// Jest Snapshot v1, https://goo.gl/fbAQLP

exports[`App rendors correctly 1`] = `ShallowWrapper {}`;

exports[`rendors correctly 1`] = `ShallowWrapper {}`;
